###########################################################
####               ICTC Regression Report              ####
###########################################################
Total testcase run: 76
Passed            : 70
Failed            : 4
Unknown           : 4
Used time         : 4m 28s
-----------------------------------------------------------
Run log detail:
log/RX_FIFO_underflow_test_418936.log => Unknown
log/TX_FIFO_overflow_test_226290.log => Unknown
log/uart_frame_change_baud_rate_OTF_diff_MDR_receive_test_656864.log: => Failed
log/uart_frame_change_baud_rate_OTF_diff_MDR_transmit_test_637433.log: => Failed
log/uart_frame_change_baud_rate_OTF_same_MDR_receive_test_273575.log: => Failed
log/uart_frame_change_baud_rate_OTF_same_MDR_transmit_test_445712.log: => Failed
log/FSR_parity_error_status_test_827131.log: => Passed
log/FSR_rx_empty_status_test_303249.log: => Passed
log/FSR_rx_full_status_test_138764.log: => Passed
log/FSR_tx_empty_status_test_813626.log: => Passed
log/FSR_tx_full_status_test_394848.log: => Passed
log/IER_en_parity_error_test_284626.log: => Passed
log/IER_en_rx_fifo_empty_test_428721.log: => Passed
log/IER_en_rx_fifo_full_test_795780.log: => Passed
log/IER_en_tx_fifo_empty_test_442097.log: => Passed
log/IER_en_tx_fifo_full_test_720750.log: => Passed
log/MDR_oversampling_13x_receive_test_422297.log: => Passed
log/MDR_oversampling_13x_transmit_test_508834.log: => Passed
log/MDR_oversampling_16x_receive_test_764956.log: => Passed
log/MDR_oversampling_16x_transmit_test_266437.log: => Passed
log/MDR_oversampling_change_mode_OTF_receive_test_851161.log: => Passed
log/MDR_oversampling_change_mode_OTF_transmit_test_443060.log: => Passed
log/MDR_oversampling_no_baud_gen_receive_test_936962.log: => Passed
log/MDR_oversampling_no_baud_gen_transmit_test_231374.log: => Passed
log/RX_FIFO_16_byte_size_test_691310.log: => Passed
log/TX_FIFO_16_byte_size_test_400351.log: => Passed
log/TX_RX_FIFO_empty_full_duplex_test_981548.log: => Passed
log/TX_RX_FIFO_full_full_duplex_test_248390.log: => Passed
log/basic_receive_test_628265.log: => Passed
log/basic_transmit_test_408056.log: => Passed
log/register_default_bit_bash_test_371987.log: => Passed
log/register_default_hw_reset_test_337990.log: => Passed
log/register_reserved_address_test_949050.log: => Passed
log/register_reset_on_fly_test_378420.log: => Passed
log/uart_frame_WLS_evenparity_1stop_full_duplex_test_154278.log: => Passed
log/uart_frame_WLS_evenparity_1stop_half_duplex_IP_first_test_550715.log: => Passed
log/uart_frame_WLS_evenparity_1stop_half_duplex_VIP_first_test_685276.log: => Passed
log/uart_frame_WLS_evenparity_1stop_receive_only_test_140499.log: => Passed
log/uart_frame_WLS_evenparity_1stop_transmit_only_test_588260.log: => Passed
log/uart_frame_WLS_evenparity_2stop_full_duplex_test_955880.log: => Passed
log/uart_frame_WLS_evenparity_2stop_half_duplex_IP_first_test_497464.log: => Passed
log/uart_frame_WLS_evenparity_2stop_half_duplex_VIP_first_test_802935.log: => Passed
log/uart_frame_WLS_evenparity_2stop_receive_only_test_751439.log: => Passed
log/uart_frame_WLS_evenparity_2stop_transmit_only_test_108671.log: => Passed
log/uart_frame_WLS_noparity_1stop_full_duplex_test_919227.log: => Passed
log/uart_frame_WLS_noparity_1stop_half_duplex_IP_first_test_828835.log: => Passed
log/uart_frame_WLS_noparity_1stop_half_duplex_VIP_first_test_675198.log: => Passed
log/uart_frame_WLS_noparity_1stop_receive_only_test_689038.log: => Passed
log/uart_frame_WLS_noparity_1stop_transmit_only_test_266370.log: => Passed
log/uart_frame_WLS_noparity_2stop_full_duplex_test_586367.log: => Passed
log/uart_frame_WLS_noparity_2stop_half_duplex_IP_first_test_350245.log: => Passed
log/uart_frame_WLS_noparity_2stop_half_duplex_VIP_first_test_594571.log: => Passed
log/uart_frame_WLS_noparity_2stop_receive_only_test_803089.log: => Passed
log/uart_frame_WLS_noparity_2stop_transmit_only_test_451886.log: => Passed
log/uart_frame_WLS_oddparity_1stop_full_duplex_test_226563.log: => Passed
log/uart_frame_WLS_oddparity_1stop_half_duplex_IP_first_test_357533.log: => Passed
log/uart_frame_WLS_oddparity_1stop_half_duplex_VIP_first_test_977046.log: => Passed
log/uart_frame_WLS_oddparity_1stop_receive_only_test_359416.log: => Passed
log/uart_frame_WLS_oddparity_1stop_transmit_only_test_314637.log: => Passed
log/uart_frame_WLS_oddparity_2stop_full_duplex_test_874259.log: => Passed
log/uart_frame_WLS_oddparity_2stop_half_duplex_IP_first_test_553702.log: => Passed
log/uart_frame_WLS_oddparity_2stop_half_duplex_VIP_first_test_708679.log: => Passed
log/uart_frame_WLS_oddparity_2stop_receive_only_test_490087.log: => Passed
log/uart_frame_WLS_oddparity_2stop_transmit_only_test_544663.log: => Passed
log/uart_frame_baud_rate_115200_test_484274.log: => Passed
log/uart_frame_baud_rate_19200_test_261219.log: => Passed
log/uart_frame_baud_rate_2400_test_916239.log: => Passed
log/uart_frame_baud_rate_38400_test_752547.log: => Passed
log/uart_frame_baud_rate_4800_test_177463.log: => Passed
log/uart_frame_baud_rate_76800_test_616719.log: => Passed
log/uart_frame_baud_rate_9600_test_551969.log: => Passed
log/uart_frame_change_mode_OTF_receive_only_test_460227.log: => Passed
log/uart_frame_change_mode_OTF_transmit_only_test_267623.log: => Passed
log/uart_frame_change_mode_middle_and_OTF_full_duplex_test_169386.log: => Passed
log/uart_frame_change_mode_middle_half_duplex_IP_first_test_255421.log: => Passed
log/uart_frame_change_mode_middle_half_duplex_VIP_first_test_336871.log: => Passed
