###########################################################
####               ICTC Regression Report              ####
###########################################################
Total testcase run: 88
Passed            : 88
Failed            : 0
Unknown           : 0
Used time         : 10m 42s
-----------------------------------------------------------
Run log detail:
log/FSR_parity_error_status_test_458486.log: => Passed
log/FSR_rx_empty_status_test_757783.log: => Passed
log/FSR_rx_full_status_test_203766.log: => Passed
log/FSR_tx_empty_status_test_211939.log: => Passed
log/FSR_tx_full_status_test_694291.log: => Passed
log/IER_en_parity_error_test_973270.log: => Passed
log/IER_en_rx_fifo_empty_test_437759.log: => Passed
log/IER_en_rx_fifo_full_test_322999.log: => Passed
log/IER_en_tx_fifo_empty_test_681060.log: => Passed
log/IER_en_tx_fifo_full_test_530256.log: => Passed
log/MDR_oversampling_13x_receive_test_757306.log: => Passed
log/MDR_oversampling_13x_transmit_test_223231.log: => Passed
log/MDR_oversampling_16x_receive_test_148527.log: => Passed
log/MDR_oversampling_16x_transmit_test_540116.log: => Passed
log/MDR_oversampling_change_mode_OTF_receive_test_935232.log: => Passed
log/MDR_oversampling_change_mode_OTF_transmit_test_963823.log: => Passed
log/MDR_oversampling_no_baud_gen_receive_test_116371.log: => Passed
log/MDR_oversampling_no_baud_gen_transmit_test_283687.log: => Passed
log/RX_FIFO_16_byte_size_test_972524.log: => Passed
log/RX_FIFO_underflow_test_709385.log: => Passed
log/TX_FIFO_16_byte_size_test_141640.log: => Passed
log/TX_FIFO_overflow_test_344995.log: => Passed
log/TX_RX_FIFO_empty_full_duplex_test_894116.log: => Passed
log/TX_RX_FIFO_full_full_duplex_test_676815.log: => Passed
log/basic_receive_test_224986.log: => Passed
log/basic_transmit_test_771923.log: => Passed
log/random_uart_frame_operation_test_136877.log: => Passed
log/random_uart_frame_operation_test_182321.log: => Passed
log/random_uart_frame_operation_test_314812.log: => Passed
log/random_uart_frame_operation_test_418935.log: => Passed
log/random_uart_frame_operation_test_457797.log: => Passed
log/random_uart_frame_operation_test_487708.log: => Passed
log/random_uart_frame_operation_test_575643.log: => Passed
log/random_uart_frame_operation_test_587362.log: => Passed
log/random_uart_frame_operation_test_675874.log: => Passed
log/random_uart_frame_operation_test_762227.log: => Passed
log/random_uart_frame_operation_test_803627.log: => Passed
log/random_uart_frame_operation_test_882471.log: => Passed
log/register_default_bit_bash_test_119400.log: => Passed
log/register_default_hw_reset_test_267894.log: => Passed
log/register_reserved_address_test_737786.log: => Passed
log/register_reset_on_fly_test_268651.log: => Passed
log/uart_frame_WLS_evenparity_1stop_full_duplex_test_376890.log: => Passed
log/uart_frame_WLS_evenparity_1stop_half_duplex_IP_first_test_188842.log: => Passed
log/uart_frame_WLS_evenparity_1stop_half_duplex_VIP_first_test_578840.log: => Passed
log/uart_frame_WLS_evenparity_1stop_receive_only_test_144021.log: => Passed
log/uart_frame_WLS_evenparity_1stop_transmit_only_test_428167.log: => Passed
log/uart_frame_WLS_evenparity_2stop_full_duplex_test_697337.log: => Passed
log/uart_frame_WLS_evenparity_2stop_half_duplex_IP_first_test_306175.log: => Passed
log/uart_frame_WLS_evenparity_2stop_half_duplex_VIP_first_test_399751.log: => Passed
log/uart_frame_WLS_evenparity_2stop_receive_only_test_418042.log: => Passed
log/uart_frame_WLS_evenparity_2stop_transmit_only_test_162110.log: => Passed
log/uart_frame_WLS_noparity_1stop_full_duplex_test_724373.log: => Passed
log/uart_frame_WLS_noparity_1stop_half_duplex_IP_first_test_906819.log: => Passed
log/uart_frame_WLS_noparity_1stop_half_duplex_VIP_first_test_403553.log: => Passed
log/uart_frame_WLS_noparity_1stop_receive_only_test_510133.log: => Passed
log/uart_frame_WLS_noparity_1stop_transmit_only_test_682793.log: => Passed
log/uart_frame_WLS_noparity_2stop_full_duplex_test_201057.log: => Passed
log/uart_frame_WLS_noparity_2stop_half_duplex_IP_first_test_260930.log: => Passed
log/uart_frame_WLS_noparity_2stop_half_duplex_VIP_first_test_322160.log: => Passed
log/uart_frame_WLS_noparity_2stop_receive_only_test_888031.log: => Passed
log/uart_frame_WLS_noparity_2stop_transmit_only_test_531949.log: => Passed
log/uart_frame_WLS_oddparity_1stop_full_duplex_test_700180.log: => Passed
log/uart_frame_WLS_oddparity_1stop_half_duplex_IP_first_test_492693.log: => Passed
log/uart_frame_WLS_oddparity_1stop_half_duplex_VIP_first_test_926873.log: => Passed
log/uart_frame_WLS_oddparity_1stop_receive_only_test_269070.log: => Passed
log/uart_frame_WLS_oddparity_1stop_transmit_only_test_867385.log: => Passed
log/uart_frame_WLS_oddparity_2stop_full_duplex_test_770196.log: => Passed
log/uart_frame_WLS_oddparity_2stop_half_duplex_IP_first_test_476972.log: => Passed
log/uart_frame_WLS_oddparity_2stop_half_duplex_VIP_first_test_336224.log: => Passed
log/uart_frame_WLS_oddparity_2stop_receive_only_test_944912.log: => Passed
log/uart_frame_WLS_oddparity_2stop_transmit_only_test_358146.log: => Passed
log/uart_frame_baud_rate_115200_test_409849.log: => Passed
log/uart_frame_baud_rate_19200_test_880943.log: => Passed
log/uart_frame_baud_rate_2400_test_793632.log: => Passed
log/uart_frame_baud_rate_38400_test_352522.log: => Passed
log/uart_frame_baud_rate_4800_test_532199.log: => Passed
log/uart_frame_baud_rate_76800_test_876228.log: => Passed
log/uart_frame_baud_rate_9600_test_270228.log: => Passed
log/uart_frame_change_baud_rate_OTF_diff_MDR_receive_test_904863.log: => Passed
log/uart_frame_change_baud_rate_OTF_diff_MDR_transmit_test_141343.log: => Passed
log/uart_frame_change_baud_rate_OTF_same_MDR_receive_test_139583.log: => Passed
log/uart_frame_change_baud_rate_OTF_same_MDR_transmit_test_894118.log: => Passed
log/uart_frame_change_mode_OTF_receive_only_test_129771.log: => Passed
log/uart_frame_change_mode_OTF_transmit_only_test_442806.log: => Passed
log/uart_frame_change_mode_middle_and_OTF_full_duplex_test_624150.log: => Passed
log/uart_frame_change_mode_middle_half_duplex_IP_first_test_349455.log: => Passed
log/uart_frame_change_mode_middle_half_duplex_VIP_first_test_807771.log: => Passed
-----------------------------------------------------------
